WRN 2026-07-21T19:39:40.395 ?.83520    server_start:197: Failed to start server: operation not permitted: /var/folders/h1/00hwpwlx2zx5mj7x_m77t4500000gn/T/nvim.chie/TkzJiK/nvim.83520.0
WRN 2026-07-21T19:43:35.189 ?.87351    server_start:197: Failed to start server: operation not permitted: /var/folders/h1/00hwpwlx2zx5mj7x_m77t4500000gn/T/nvim.chie/ghlBaf/nvim.87351.0
WRN 2026-07-21T20:11:52.492 ?.14051    server_start:197: Failed to start server: operation not permitted: /var/folders/h1/00hwpwlx2zx5mj7x_m77t4500000gn/T/nvim.chie/rP1L76/nvim.14051.0
WRN 2026-07-21T20:11:52.500 ?.14052    server_start:197: Failed to start server: operation not permitted: /var/folders/h1/00hwpwlx2zx5mj7x_m77t4500000gn/T/nvim.chie/PdwIN1/nvim.14052.0
WRN 2026-07-21T20:20:45.413 ?.26250    server_start:197: Failed to start server: operation not permitted: /var/folders/h1/00hwpwlx2zx5mj7x_m77t4500000gn/T/nvim.chie/4pCIqo/nvim.26250.0
WRN 2026-07-21T20:20:45.479 ?.26282    server_start:197: Failed to start server: operation not permitted: /var/folders/h1/00hwpwlx2zx5mj7x_m77t4500000gn/T/nvim.chie/l6O2LD/nvim.26282.0
WRN 2026-07-21T21:42:45.508 ?.59980    server_start:197: Failed to start server: operation not permitted: /var/folders/h1/00hwpwlx2zx5mj7x_m77t4500000gn/T/nvim.chie/oVJ5HK/nvim.59980.0
WRN 2026-07-21T21:42:59.267 ?.60685    server_start:197: Failed to start server: operation not permitted: /var/folders/h1/00hwpwlx2zx5mj7x_m77t4500000gn/T/nvim.chie/6Lod9O/nvim.60685.0
WRN 2026-07-21T21:43:08.989 ?.61152    server_start:197: Failed to start server: operation not permitted: /var/folders/h1/00hwpwlx2zx5mj7x_m77t4500000gn/T/nvim.chie/kWpqQD/nvim.61152.0
WRN 2026-07-21T21:43:20.141 ?.61615    server_start:197: Failed to start server: operation not permitted: /var/folders/h1/00hwpwlx2zx5mj7x_m77t4500000gn/T/nvim.chie/iMncvN/nvim.61615.0
WRN 2026-07-21T21:44:15.329 ?.62922    server_start:197: Failed to start server: operation not permitted: /var/folders/h1/00hwpwlx2zx5mj7x_m77t4500000gn/T/nvim.chie/TG9HI5/nvim.62922.0
WRN 2026-07-21T21:44:41.590 ?.63512    server_start:197: Failed to start server: operation not permitted: /var/folders/h1/00hwpwlx2zx5mj7x_m77t4500000gn/T/nvim.chie/MBXaiB/nvim.63512.0
WRN 2026-07-21T21:45:10.491 ?.64216    server_start:197: Failed to start server: operation not permitted: /var/folders/h1/00hwpwlx2zx5mj7x_m77t4500000gn/T/nvim.chie/Pemh98/nvim.64216.0
WRN 2026-07-21T21:46:44.237 ?.65748    server_start:197: Failed to start server: operation not permitted: /var/folders/h1/00hwpwlx2zx5mj7x_m77t4500000gn/T/nvim.chie/6ps1qt/nvim.65748.0
WRN 2026-07-21T22:29:13.220 ?.82288    server_start:197: Failed to start server: operation not permitted: /var/folders/h1/00hwpwlx2zx5mj7x_m77t4500000gn/T/nvim.chie/lXxdKh/nvim.82288.0
WRN 2026-07-21T22:29:13.231 ?.82289    server_start:197: Failed to start server: operation not permitted: /var/folders/h1/00hwpwlx2zx5mj7x_m77t4500000gn/T/nvim.chie/HMs9S3/nvim.82289.0
WRN 2026-07-21T22:29:13.449 ?.82411    server_start:197: Failed to start server: operation not permitted: /var/folders/h1/00hwpwlx2zx5mj7x_m77t4500000gn/T/nvim.chie/LnrM26/nvim.82411.0
WRN 2026-07-21T22:29:39.012 ?.83139    server_start:197: Failed to start server: operation not permitted: /var/folders/h1/00hwpwlx2zx5mj7x_m77t4500000gn/T/nvim.chie/5OPSsz/nvim.83139.0
WRN 2026-07-21T22:29:47.219 ?.83127    server_start:197: Failed to start server: operation not permitted: /var/folders/h1/00hwpwlx2zx5mj7x_m77t4500000gn/T/nvim.chie/JX8cR0/nvim.83127.0
WRN 2026-07-22T09:08:40.326 ?.26685    server_start:197: Failed to start server: operation not permitted: /private/tmp/nvim.chie/uiUMAv/nvim.26685.0
WRN 2026-07-22T09:08:40.330 ?.26686    server_start:197: Failed to start server: operation not permitted: /private/tmp/nvim.chie/cOTFvo/nvim.26686.0
WRN 2026-07-22T09:18:43.830 ?.37388    server_start:197: Failed to start server: operation not permitted: /var/folders/h1/00hwpwlx2zx5mj7x_m77t4500000gn/T/nvim.chie/6PY6lR/nvim.37388.0
WRN 2026-07-22T09:19:02.791 ?.38642    server_start:197: Failed to start server: operation not permitted: /var/folders/h1/00hwpwlx2zx5mj7x_m77t4500000gn/T/nvim.chie/RSYUZn/nvim.38642.0
WRN 2026-07-22T09:19:49.933 ?.39812    server_start:197: Failed to start server: operation not permitted: /var/folders/h1/00hwpwlx2zx5mj7x_m77t4500000gn/T/nvim.chie/bPMAXq/nvim.39812.0
WRN 2026-07-22T09:21:46.657 ?.42997    server_start:197: Failed to start server: operation not permitted: /var/folders/h1/00hwpwlx2zx5mj7x_m77t4500000gn/T/nvim.chie/4CPww9/nvim.42997.0
WRN 2026-07-22T09:21:54.983 ?.42996    server_start:197: Failed to start server: operation not permitted: /var/folders/h1/00hwpwlx2zx5mj7x_m77t4500000gn/T/nvim.chie/N4gsbD/nvim.42996.0
WRN 2026-07-22T09:22:03.820 ?.44421    server_start:197: Failed to start server: operation not permitted: /var/folders/h1/00hwpwlx2zx5mj7x_m77t4500000gn/T/nvim.chie/exTTBl/nvim.44421.0
WRN 2026-07-22T09:22:12.000 ?.44420    server_start:197: Failed to start server: operation not permitted: /var/folders/h1/00hwpwlx2zx5mj7x_m77t4500000gn/T/nvim.chie/POGJoD/nvim.44420.0
WRN 2026-07-22T13:10:19.457 ?.56339    server_start:197: Failed to start server: operation not permitted: /var/folders/h1/00hwpwlx2zx5mj7x_m77t4500000gn/T/nvim.chie/E5q2op/nvim.56339.0
WRN 2026-07-22T13:10:19.551 ?.56359    server_start:197: Failed to start server: operation not permitted: /var/folders/h1/00hwpwlx2zx5mj7x_m77t4500000gn/T/nvim.chie/1gAsmf/nvim.56359.0
WRN 2026-07-22T13:10:19.607 ?.56418    server_start:197: Failed to start server: operation not permitted: /var/folders/h1/00hwpwlx2zx5mj7x_m77t4500000gn/T/nvim.chie/l1sMTR/nvim.56418.0
WRN 2026-07-22T13:34:50.331 ?.76448    server_start:197: Failed to start server: operation not permitted: /var/folders/h1/00hwpwlx2zx5mj7x_m77t4500000gn/T/nvim.chie/G3Z6so/nvim.76448.0
WRN 2026-07-22T13:36:44.339 ?.77977    server_start:197: Failed to start server: operation not permitted: /var/folders/h1/00hwpwlx2zx5mj7x_m77t4500000gn/T/nvim.chie/bDKUW3/nvim.77977.0
WRN 2026-07-22T13:36:55.156 ?.78548    server_start:197: Failed to start server: operation not permitted: /var/folders/h1/00hwpwlx2zx5mj7x_m77t4500000gn/T/nvim.chie/luBZoT/nvim.78548.0
WRN 2026-07-22T13:58:32.737 ?.89895    server_start:197: Failed to start server: operation not permitted: /var/folders/h1/00hwpwlx2zx5mj7x_m77t4500000gn/T/nvim.chie/ZsmeLc/nvim.89895.0
WRN 2026-07-22T14:01:42.777 ?.93584    server_start:197: Failed to start server: operation not permitted: /var/folders/h1/00hwpwlx2zx5mj7x_m77t4500000gn/T/nvim.chie/a0PkCn/nvim.93584.0
WRN 2026-07-22T14:01:53.881 ?.94021    server_start:197: Failed to start server: operation not permitted: /var/folders/h1/00hwpwlx2zx5mj7x_m77t4500000gn/T/nvim.chie/mEVO5k/nvim.94021.0
WRN 2026-07-22T14:02:08.914 ?.94782    server_start:197: Failed to start server: operation not permitted: /var/folders/h1/00hwpwlx2zx5mj7x_m77t4500000gn/T/nvim.chie/pP0y2R/nvim.94782.0
WRN 2026-07-22T14:02:15.518 ?.95132    server_start:197: Failed to start server: operation not permitted: /var/folders/h1/00hwpwlx2zx5mj7x_m77t4500000gn/T/nvim.chie/mQpV3p/nvim.95132.0
